[nellmunene44-sys.github.io/nelismunene/index.html]
[backblue.gif]
[fade.gif]
[index.html]
[nellmunene44-sys.github.io/nelismunene/favicon.svg]
[nellmunene44-sys.github.io/nelismunene/index.css]
[nellmunene44-sys.github.io/nelismunene/index-2.html]
[nellmunene44-sys.github.io/nelismunene/services.html]
[nellmunene44-sys.github.io/nelismunene/samples.html]
[nellmunene44-sys.github.io/nelismunene/blog.html]
[nellmunene44-sys.github.io/nelismunene/contactme.html]
[nellmunene44-sys.github.io/nelismunene/Nelis.jpg]
[nellmunene44-sys.github.io/nelismunene/testimonials.jpg]
[nellmunene44-sys.github.io/nelismunene/85f31c5127f9a7ced584be8a693668c9.jpg]
[nellmunene44-sys.github.io/nelismunene/testimonial2.jpg]
[nellmunene44-sys.github.io/nelismunene/images (1).png]
[nellmunene44-sys.github.io/nelismunene/testimonials3.jpg]
[nellmunene44-sys.github.io/nelismunene/images (2).png]
[nellmunene44-sys.github.io/nelismunene/testimonials4.jpg]
[nellmunene44-sys.github.io/nelismunene/images.png]
[nellmunene44-sys.github.io/nelismunene/testimonials5.jpg]
[nellmunene44-sys.github.io/nelismunene/logo-newsroom-walden.jpg]
[nellmunene44-sys.github.io/nelismunene/testimonial6.jpg]
[nellmunene44-sys.github.io/nelismunene/unnamed.png]
[nellmunene44-sys.github.io/nelismunene/script.js]
[nellmunene44-sys.github.io/nelismunene/index.html]
[nellmunene44-sys.github.io/nelismunene/favicon.svg]
[nellmunene44-sys.github.io/nelismunene/index.css]
[nellmunene44-sys.github.io/nelismunene/index-2.html]
[nellmunene44-sys.github.io/nelismunene/styles.css]
[nellmunene44-sys.github.io/nelismunene/services.html]
[nellmunene44-sys.github.io/nelismunene/samples.html]
[nellmunene44-sys.github.io/nelismunene/blog.html]
[nellmunene44-sys.github.io/nelismunene/contactme.html]
[nellmunene44-sys.github.io/nelismunene/styles.css]
